[iproject25.icasites.nl/index.html]
[backblue.gif]
[fade.gif]
[index.html]
[iproject25.icasites.nl/assets/css/bulma.min.css]
[iproject25.icasites.nl/assets/css/main.css]
[iproject25.icasites.nl/assets/css/responsive.css]
[iproject25.icasites.nl/index-2.html]
[iproject25.icasites.nl/veilingen.html]
[iproject25.icasites.nl/veiling-item.html]
[iproject25.icasites.nl/assets/img/article.jpg]
[iproject25.icasites.nl/assets/img/article3.jpg]
[iproject25.icasites.nl/assets/img/article2.jpg]
[iproject25.icasites.nl/assets/img/article1.jpg]
[iproject25.icasites.nl/index.html]
[iproject25.icasites.nl/assets/js/main.js]
[iproject25.icasites.nl/assets/css/bulma.min.css]
[iproject25.icasites.nl/assets/img/head.jpg]
[iproject25.icasites.nl/assets/css/main.css]
[iproject25.icasites.nl/assets/css/responsive.css]
[use.fontawesome.com/releases/v5.3.1/js/all.js]
[iproject25.icasites.nl/index-2.html]
[iproject25.icasites.nl/assets/img/article5.jpg]
[iproject25.icasites.nl/assets/img/article6.jpg]
[iproject25.icasites.nl/assets/img/article7.jpg]
[iproject25.icasites.nl/assets/img/article8.jpg]
[iproject25.icasites.nl/assets/img/article9.jpg]
[iproject25.icasites.nl/assets/img/article10.jpg]
[iproject25.icasites.nl/assets/img/article11.jpg]
[iproject25.icasites.nl/assets/img/article12.jpg]
[iproject25.icasites.nl/assets/img/article13.jpg]
[iproject25.icasites.nl/assets/img/article14.jpg]
[iproject25.icasites.nl/assets/img/article15.jpg]
[iproject25.icasites.nl/assets/img/article16.jpg]
[iproject25.icasites.nl/veilingen.html]
[iproject25.icasites.nl/veiling-item.html]
[iproject25.icasites.nl/assets/img/logo.svg]
